main.c:89:13:uart_send_crlf	16	static
main.c:103:5:main	8	static
main.c:164:6:HAL_UART_RxCpltCallback	32	static
main.c:195:6:command_parser_fsm	72	static
main.c:238:13:transmit_last_packet	16	static
main.c:249:13:send_adc_packet	16	static
main.c:262:6:uart_communication_fsm	48	static
main.c:289:6:SystemClock_Config	88	static
main.c:332:13:MX_ADC1_Init	24	static
main.c:377:13:MX_USART2_UART_Init	8	static
main.c:410:13:MX_GPIO_Init	32	static
main.c:437:6:Error_Handler	4	static,ignoring_inline_asm
