main.c:91:13:uart_send_crlf	16	static
main.c:106:5:main	8	static
main.c:171:6:HAL_UART_RxCpltCallback	32	static
main.c:211:6:command_parser_fsm	16	static
main.c:249:13:transmit_last_packet	16	static
main.c:261:13:send_adc_packet	16	static
main.c:280:6:uart_communication_fsm	48	static
main.c:313:6:SystemClock_Config	88	static
main.c:356:13:MX_ADC1_Init	24	static
main.c:401:13:MX_USART2_UART_Init	8	static
main.c:434:13:MX_GPIO_Init	32	static
main.c:461:6:Error_Handler	4	static,ignoring_inline_asm
